should create one selfsigned clusterissuer:
  1: |
    apiVersion: cert-manager.io/v1
    kind: ClusterIssuer
    metadata:
      labels:
        app.kubernetes.io/app: cert-manager-issuers
        app.kubernetes.io/instance: RELEASE-NAME
        app.kubernetes.io/managed-by: Helm
        app.kubernetes.io/version: "1"
        helm.sh/chart: cert-manager-issuers-0.2.4
      name: cert-manager-issuers
    spec:
      selfSigned: {}
should create two letsencrypt clusterissuers:
  1: |
    apiVersion: cert-manager.io/v1
    kind: ClusterIssuer
    metadata:
      labels:
        app.kubernetes.io/app: cert-manager-issuers
        app.kubernetes.io/instance: RELEASE-NAME
        app.kubernetes.io/managed-by: Helm
        app.kubernetes.io/version: "1"
        helm.sh/chart: cert-manager-issuers-0.2.4
      name: letsencrypt-prod
    spec:
      acme:
        email: user@example.com
        privateKeySecretRef:
          name: letsencrypt-prod-account-key
        server: https://acme-v02.api.letsencrypt.org/directory
        solvers:
        - http01:
            ingress:
              class: nginx
  2: |
    apiVersion: cert-manager.io/v1
    kind: ClusterIssuer
    metadata:
      labels:
        app.kubernetes.io/app: cert-manager-issuers
        app.kubernetes.io/instance: RELEASE-NAME
        app.kubernetes.io/managed-by: Helm
        app.kubernetes.io/version: "1"
        helm.sh/chart: cert-manager-issuers-0.2.4
      name: letsencrypt-staging
    spec:
      acme:
        email: user@example.com
        privateKeySecretRef:
          name: letsencrypt-staging-account-key
        server: https://acme-staging-v02.api.letsencrypt.org/directory
        solvers:
        - http01:
            ingress:
              class: nginx
should match snapshot:
  1: |
    apiVersion: cert-manager.io/v1
    kind: ClusterIssuer
    metadata:
      labels:
        app.kubernetes.io/app: cert-manager-issuers
        app.kubernetes.io/instance: RELEASE-NAME
        app.kubernetes.io/managed-by: Helm
        app.kubernetes.io/version: "1"
        helm.sh/chart: cert-manager-issuers-0.2.4
      name: cert-manager-issuers
    spec:
      selfSigned: {}
  2: |
    apiVersion: cert-manager.io/v1
    kind: ClusterIssuer
    metadata:
      labels:
        app.kubernetes.io/app: cert-manager-issuers
        app.kubernetes.io/instance: RELEASE-NAME
        app.kubernetes.io/managed-by: Helm
        app.kubernetes.io/version: "1"
        helm.sh/chart: cert-manager-issuers-0.2.4
      name: top-level-name-syntax-sugar
    spec:
      selfSigned: {}
  3: |
    apiVersion: cert-manager.io/v1
    kind: ClusterIssuer
    metadata:
      annotations:
        foo: test
      labels:
        app.kubernetes.io/app: cert-manager-issuers
        app.kubernetes.io/instance: RELEASE-NAME
        app.kubernetes.io/managed-by: Helm
        app.kubernetes.io/version: "1"
        helm.sh/chart: cert-manager-issuers-0.2.4
      name: top-level-name-and-metadata
    spec:
      selfSigned: {}
