should match snapshot:
  1: |
    apiVersion: rbac.authorization.k8s.io/v1
    kind: ClusterRole
    metadata:
      labels:
        app.kubernetes.io/instance: RELEASE-NAME
        app.kubernetes.io/managed-by: Helm
        app.kubernetes.io/name: back8sup
        app.kubernetes.io/version: v0.7.5
        helm.sh/chart: back8sup-0.4.0
      name: RELEASE-NAME-back8sup-cluster-reader
    rules:
    - apiGroups:
      - '*'
      resources:
      - '*'
      verbs:
      - get
      - list
    - nonResourceURLs:
      - '*'
      verbs:
      - get
      - list
