should match snapshot:
  1: |
    apiVersion: v1
    data:
      config.yaml: |
        global:
          - pvc
          - pv
        namespaces:
          - name: default
            kind:
              - deployment
              - cm
              - secret
    kind: ConfigMap
    metadata:
      labels:
        app.kubernetes.io/instance: RELEASE-NAME
        app.kubernetes.io/managed-by: Helm
        app.kubernetes.io/name: back8sup
        app.kubernetes.io/version: v0.7.5
        helm.sh/chart: back8sup-0.4.0
      name: RELEASE-NAME-back8sup-config
