should match snapshot:
  1: |
    apiVersion: apps/v1
    kind: Deployment
    metadata:
      labels:
        app.kubernetes.io/app: csi-secret-provider-class
        app.kubernetes.io/instance: RELEASE-NAME
        app.kubernetes.io/managed-by: Helm
        app.kubernetes.io/version: 0.3.0
        helm.sh/chart: csi-secret-provider-class-0.3.1
      name: release-name-csi-secret-provider-class
    spec:
      selector:
        matchLabels:
          app.kubernetes.io/instance: RELEASE-NAME
          app.kubernetes.io/name: csi-secret-provider-class
      template:
        metadata:
          labels:
            app.kubernetes.io/instance: RELEASE-NAME
            app.kubernetes.io/name: csi-secret-provider-class
        spec:
          containers:
          - image: k8s.gcr.io/pause:3.4.1
            imagePullPolicy: IfNotPresent
            name: dummy
            volumeMounts:
            - mountPath: /vault
              name: csi-secret-store-volume
              readOnly: true
          volumes:
          - csi:
              driver: secrets-store.csi.k8s.io
              readOnly: true
              volumeAttributes:
                secretProviderClass: release-name-csi-secret-provider-class
            name: csi-secret-store-volume
