should match snapshot:
  1: |
    apiVersion: secrets-store.csi.x-k8s.io/v1alpha1
    kind: SecretProviderClass
    metadata:
      labels:
        app.kubernetes.io/app: csi-secret-provider-class
        app.kubernetes.io/instance: RELEASE-NAME
        app.kubernetes.io/managed-by: Helm
        app.kubernetes.io/version: 0.3.0
        helm.sh/chart: csi-secret-provider-class-0.3.3
      name: release-name-csi-secret-provider-class
    spec:
      parameters:
        foo: bar
      provider: fake
      secretObjects:
      - secretName: test
